\BOOKMARK [1][-]{section.1}{\376\377\000I\000n\000t\000r\000o\000d\000u\000c\000t\000i\000o\000n\000\040\000a\000n\000d\000\040\000P\000h\000y\000s\000i\000c\000a\000l\000\040\000M\000o\000t\000i\000v\000a\000t\000i\000o\000n}{}% 1
\BOOKMARK [2][-]{subsection.1.1}{\376\377\000W\000h\000a\000t\000\040\000p\000r\000o\000b\000l\000e\000m\000\040\000a\000r\000e\000\040\000w\000e\000\040\000s\000o\000l\000v\000i\000n\000g\000?}{section.1}% 2
\BOOKMARK [2][-]{subsection.1.2}{\376\377\000H\000i\000s\000t\000o\000r\000i\000c\000a\000l\000\040\000c\000o\000n\000t\000e\000x\000t\000\040\000a\000n\000d\000\040\000r\000e\000l\000a\000t\000i\000o\000n\000\040\000t\000o\000\040\000M\000o\000l\000a\001\015\000e\000k\000\040\000\046\000\040\000B\000u\000s\000h\000\040\000\050\0002\0000\0001\0002\000\051}{section.1}% 3
\BOOKMARK [1][-]{section.2}{\376\377\000M\000a\000t\000h\000e\000m\000a\000t\000i\000c\000a\000l\000\040\000P\000r\000e\000l\000i\000m\000i\000n\000a\000r\000i\000e\000s}{}% 4
\BOOKMARK [2][-]{subsection.2.1}{\376\377\000S\000p\000h\000e\000r\000i\000c\000a\000l\000\040\000h\000a\000r\000m\000o\000n\000i\000c\000s}{section.2}% 5
\BOOKMARK [2][-]{subsection.2.2}{\376\377\000S\000p\000h\000e\000r\000i\000c\000a\000l\000\040\000B\000e\000s\000s\000e\000l\000\040\000f\000u\000n\000c\000t\000i\000o\000n\000s}{section.2}% 6
\BOOKMARK [2][-]{subsection.2.3}{\376\377\000T\000h\000e\000\040\000p\000o\000l\000o\000i\000d\000a\000l\000\040\000d\000e\000c\000o\000m\000p\000o\000s\000i\000t\000i\000o\000n}{section.2}% 7
\BOOKMARK [1][-]{section.3}{\376\377\000P\000r\000o\000b\000l\000e\000m\000\040\000S\000e\000t\000u\000p}{}% 8
\BOOKMARK [2][-]{subsection.3.1}{\376\377\000E\000q\000u\000i\000l\000i\000b\000r\000i\000u\000m\000\040\000s\000t\000a\000t\000e}{section.3}% 9
\BOOKMARK [2][-]{subsection.3.2}{\376\377\000P\000e\000r\000t\000u\000r\000b\000e\000d\000\040\000s\000u\000r\000f\000a\000c\000e}{section.3}% 10
\BOOKMARK [2][-]{subsection.3.3}{\376\377\000I\000n\000v\000i\000s\000c\000i\000d\000\040\000f\000r\000e\000q\000u\000e\000n\000c\000i\000e\000s}{section.3}% 11
\BOOKMARK [1][-]{section.4}{\376\377\000L\000i\000n\000e\000a\000r\000i\000z\000e\000d\000\040\000G\000o\000v\000e\000r\000n\000i\000n\000g\000\040\000E\000q\000u\000a\000t\000i\000o\000n\000s}{}% 12
\BOOKMARK [1][-]{section.5}{\376\377\000T\000h\000e\000\040\000P\000r\000e\000s\000s\000u\000r\000e\000\040\000F\000i\000e\000l\000d}{}% 13
\BOOKMARK [2][-]{subsection.5.1}{\376\377\000P\000r\000e\000s\000s\000u\000r\000e\000\040\000s\000a\000t\000i\000s\000f\000i\000e\000s\000\040\000L\000a\000p\000l\000a\000c\000e\000'\000s\000\040\000e\000q\000u\000a\000t\000i\000o\000n}{section.5}% 14
\BOOKMARK [2][-]{subsection.5.2}{\376\377\000S\000c\000a\000l\000a\000r\000\040\000p\000o\000t\000e\000n\000t\000i\000a\000l\000\040\000f\000o\000r\000\040\000t\000h\000e\000\040\000p\000r\000e\000s\000s\000u\000r\000e\000\040\000g\000r\000a\000d\000i\000e\000n\000t}{section.5}% 15
\BOOKMARK [1][-]{section.6}{\376\377\000T\000h\000e\000\040\000V\000e\000l\000o\000c\000i\000t\000y\000\040\000F\000i\000e\000l\000d\000\040\000a\000n\000d\000\040\000i\000t\000s\000\040\000G\000o\000v\000e\000r\000n\000i\000n\000g\000\040\000O\000D\000E}{}% 16
\BOOKMARK [2][-]{subsection.6.1}{\376\377\000P\000o\000l\000o\000i\000d\000a\000l\000\040\000r\000e\000p\000r\000e\000s\000e\000n\000t\000a\000t\000i\000o\000n}{section.6}% 17
\BOOKMARK [2][-]{subsection.6.2}{\376\377\000D\000e\000r\000i\000v\000a\000t\000i\000o\000n\000\040\000o\000f\000\040\000t\000h\000e\000\040\000O\000D\000E\000\040\000f\000o\000r\000\040\000U\000\050\000x\000\051}{section.6}% 18
\BOOKMARK [2][-]{subsection.6.3}{\376\377\000S\000o\000l\000v\000i\000n\000g\000\040\000t\000h\000e\000\040\000O\000D\000E}{section.6}% 19
\BOOKMARK [1][-]{section.7}{\376\377\000B\000o\000u\000n\000d\000a\000r\000y\000\040\000C\000o\000n\000d\000i\000t\000i\000o\000n\000s}{}% 20
\BOOKMARK [2][-]{subsection.7.1}{\376\377\000B\000C\0001\000:\000\040\000K\000i\000n\000e\000m\000a\000t\000i\000c\000\040\000c\000o\000n\000d\000i\000t\000i\000o\000n}{section.7}% 21
\BOOKMARK [2][-]{subsection.7.2}{\376\377\000B\000C\0002\000:\000\040\000T\000a\000n\000g\000e\000n\000t\000i\000a\000l\000\040\000s\000t\000r\000e\000s\000s\000\040\000c\000o\000n\000d\000i\000t\000i\000o\000n}{section.7}% 22
\BOOKMARK [2][-]{subsection.7.3}{\376\377\000B\000C\0003\000:\000\040\000N\000o\000r\000m\000a\000l\000\040\000s\000t\000r\000e\000s\000s\000\040\000c\000o\000n\000d\000i\000t\000i\000o\000n}{section.7}% 23
\BOOKMARK [3][-]{subsubsection.7.3.1}{\376\377\000M\000e\000a\000n\000\040\000c\000u\000r\000v\000a\000t\000u\000r\000e\000\040\000o\000f\000\040\000t\000h\000e\000\040\000d\000e\000f\000o\000r\000m\000e\000d\000\040\000s\000u\000r\000f\000a\000c\000e}{subsection.7.3}% 24
\BOOKMARK [3][-]{subsubsection.7.3.2}{\376\377\000N\000o\000r\000m\000a\000l\000\040\000s\000t\000r\000e\000s\000s\000\040\000b\000a\000l\000a\000n\000c\000e}{subsection.7.3}% 25
\BOOKMARK [1][-]{section.8}{\376\377\000T\000h\000e\000\040\000C\000h\000a\000r\000a\000c\000t\000e\000r\000i\000s\000t\000i\000c\000\040\000E\000q\000u\000a\000t\000i\000o\000n}{}% 26
\BOOKMARK [2][-]{subsection.8.1}{\376\377\000E\000l\000i\000m\000i\000n\000a\000t\000i\000n\000g\000\040\000T\0001\000\040\000v\000i\000a\000\040\000r\000e\000s\000c\000a\000l\000i\000n\000g}{section.8}% 27
\BOOKMARK [2][-]{subsection.8.2}{\376\377\000A\000p\000p\000l\000y\000i\000n\000g\000\040\000B\000C\000s\000\040\000t\000o\000\040\000t\000h\000e\000\040\000g\000e\000n\000e\000r\000a\000l\000\040\000s\000o\000l\000u\000t\000i\000o\000n}{section.8}% 28
\BOOKMARK [1][-]{section.9}{\376\377\000S\000t\000r\000u\000c\000t\000u\000r\000e\000\040\000o\000f\000\040\000t\000h\000e\000\040\000S\000o\000l\000u\000t\000i\000o\000n\000s}{}% 29
\BOOKMARK [2][-]{subsection.9.1}{\376\377\000R\000o\000o\000t\000s\000\040\000o\000f\000\040\000t\000h\000e\000\040\000c\000h\000a\000r\000a\000c\000t\000e\000r\000i\000s\000t\000i\000c\000\040\000e\000q\000u\000a\000t\000i\000o\000n}{section.9}% 30
\BOOKMARK [2][-]{subsection.9.2}{\376\377\000T\000w\000o\000\040\000r\000e\000g\000i\000m\000e\000s\000:\000\040\000o\000s\000c\000i\000l\000l\000a\000t\000o\000r\000y\000\040\000v\000s\000.\000\040\000a\000p\000e\000r\000i\000o\000d\000i\000c}{section.9}% 31
\BOOKMARK [2][-]{subsection.9.3}{\376\377\000T\000h\000e\000\040\000s\000m\000a\000l\000l\000-\000v\000i\000s\000c\000o\000s\000i\000t\000y\000\040\000l\000i\000m\000i\000t}{section.9}% 32
\BOOKMARK [1][-]{section.10}{\376\377\000C\000o\000n\000n\000e\000c\000t\000i\000o\000n\000\040\000t\000o\000\040\000M\000o\000l\000a\001\015\000e\000k\000\040\000\046\000\040\000B\000u\000s\000h\000\040\000\050\0002\0000\0001\0002\000\051}{}% 33
\BOOKMARK [1][-]{section.11}{\376\377\000S\000u\000m\000m\000a\000r\000y\000\040\000o\000f\000\040\000K\000e\000y\000\040\000E\000q\000u\000a\000t\000i\000o\000n\000s}{}% 34
\BOOKMARK [1][-]{section.12}{\376\377\000E\000x\000t\000e\000n\000s\000i\000o\000n\000\040\000t\000o\000\040\000V\000i\000s\000c\000o\000e\000l\000a\000s\000t\000i\000c\000\040\000D\000r\000o\000p\000s\000:\000\040\000t\000h\000e\000\040\000O\000l\000d\000r\000o\000y\000d\000-\000B\000\040\000M\000o\000d\000e\000l}{}% 35
\BOOKMARK [2][-]{subsection.12.1}{\376\377\000T\000h\000e\000\040\000O\000l\000d\000r\000o\000y\000d\000-\000B\000\040\000c\000o\000n\000s\000t\000i\000t\000u\000t\000i\000v\000e\000\040\000l\000a\000w}{section.12}% 36
\BOOKMARK [3][-]{subsubsection.12.1.1}{\376\377\000P\000h\000y\000s\000i\000c\000a\000l\000\040\000m\000o\000t\000i\000v\000a\000t\000i\000o\000n\000:\000\040\000t\000h\000e\000\040\000m\000e\000c\000h\000a\000n\000i\000c\000a\000l\000\040\000a\000n\000a\000l\000o\000g}{subsection.12.1}% 37
\BOOKMARK [3][-]{subsubsection.12.1.2}{\376\377\000T\000h\000e\000\040\000c\000o\000n\000s\000t\000i\000t\000u\000t\000i\000v\000e\000\040\000e\000q\000u\000a\000t\000i\000o\000n\000:\000\040\000t\000w\000o\000\040\000e\000q\000u\000i\000v\000a\000l\000e\000n\000t\000\040\000f\000o\000r\000m\000s}{subsection.12.1}% 38
\BOOKMARK [3][-]{subsubsection.12.1.3}{\376\377\000P\000a\000r\000a\000m\000e\000t\000e\000r\000\040\000l\000i\000m\000i\000t\000s}{subsection.12.1}% 39
\BOOKMARK [2][-]{subsection.12.2}{\376\377\000L\000i\000n\000e\000a\000r\000i\000s\000a\000t\000i\000o\000n\000\040\000a\000n\000d\000\040\000e\000f\000f\000e\000c\000t\000i\000v\000e\000\040\000v\000i\000s\000c\000o\000s\000i\000t\000y}{section.12}% 40
\BOOKMARK [3][-]{subsubsection.12.2.1}{\376\377\000T\000h\000e\000\040\000t\000w\000o\000\040\000D\000e\000b\000o\000r\000a\000h\000\040\000n\000u\000m\000b\000e\000r\000s}{subsection.12.2}% 41
\BOOKMARK [2][-]{subsection.12.3}{\376\377\000B\000o\000u\000n\000d\000a\000r\000y\000\040\000c\000o\000n\000d\000i\000t\000i\000o\000n\000\040\000a\000u\000d\000i\000t}{section.12}% 42
\BOOKMARK [3][-]{subsubsection.12.3.1}{\376\377\000B\000C\0001\000\040\000\050\000k\000i\000n\000e\000m\000a\000t\000i\000c\000\051\000:\000\040\000u\000n\000c\000h\000a\000n\000g\000e\000d}{subsection.12.3}% 43
\BOOKMARK [3][-]{subsubsection.12.3.2}{\376\377\000B\000C\0002\000\040\000\050\000t\000a\000n\000g\000e\000n\000t\000i\000a\000l\000\040\000s\000t\000r\000e\000s\000s\000\051\000:\000\040\000u\000n\000c\000h\000a\000n\000g\000e\000d\000\040\000i\000n\000\040\000f\000o\000r\000m}{subsection.12.3}% 44
\BOOKMARK [3][-]{subsubsection.12.3.3}{\376\377\000B\000C\0003\000\040\000\050\000n\000o\000r\000m\000a\000l\000\040\000s\000t\000r\000e\000s\000s\000\051\000:\000\040\000v\000i\000s\000c\000o\000e\000l\000a\000s\000t\000i\000c\000\040\000c\000o\000r\000r\000e\000c\000t\000i\000o\000n\000\040\000c\000h\000e\000c\000k}{subsection.12.3}% 45
\BOOKMARK [2][-]{subsection.12.4}{\376\377\000M\000o\000d\000i\000f\000i\000e\000d\000\040\000g\000o\000v\000e\000r\000n\000i\000n\000g\000\040\000O\000D\000E}{section.12}% 46
\BOOKMARK [3][-]{subsubsection.12.4.1}{\376\377\000T\000h\000e\000\040\000m\000o\000d\000i\000f\000i\000e\000d\000\040\000w\000a\000v\000e\000n\000u\000m\000b\000e\000r\000\040\000q\000*}{subsection.12.4}% 47
\BOOKMARK [3][-]{subsubsection.12.4.2}{\376\377\000T\000h\000e\000\040\000O\000D\000E\000\040\000f\000o\000r\000\040\000U\000\050\000x\000\051\000\040\000u\000n\000d\000e\000r\000\040\000O\000l\000d\000r\000o\000y\000d\000-\000B}{subsection.12.4}% 48
\BOOKMARK [2][-]{subsection.12.5}{\376\377\000T\000h\000e\000\040\000O\000l\000d\000r\000o\000y\000d\000-\000B\000\040\000c\000h\000a\000r\000a\000c\000t\000e\000r\000i\000s\000t\000i\000c\000\040\000e\000q\000u\000a\000t\000i\000o\000n}{section.12}% 49
\BOOKMARK [3][-]{subsubsection.12.5.1}{\376\377\000T\000h\000e\000\040\000r\000a\000t\000i\000o\000\040\000c\000a\000n\000c\000e\000l\000l\000a\000t\000i\000o\000n}{subsection.12.5}% 50
\BOOKMARK [3][-]{subsubsection.12.5.2}{\376\377\000E\000l\000i\000m\000i\000n\000a\000t\000i\000n\000g\000\040\000T\0001}{subsection.12.5}% 51
\BOOKMARK [3][-]{subsubsection.12.5.3}{\376\377\000A\000p\000p\000l\000y\000i\000n\000g\000\040\000B\000C\0001\000\040\000a\000n\000d\000\040\000B\000C\0002\000\040\000a\000n\000d\000\040\000a\000s\000s\000e\000m\000b\000l\000i\000n\000g\000\040\000t\000h\000e\000\040\000c\000h\000a\000r\000a\000c\000t\000e\000r\000i\000s\000t\000i\000c\000\040\000e\000q\000u\000a\000t\000i\000o\000n}{subsection.12.5}% 52
\BOOKMARK [2][-]{subsection.12.6}{\376\377\000S\000t\000r\000u\000c\000t\000u\000r\000e\000\040\000o\000f\000\040\000s\000o\000l\000u\000t\000i\000o\000n\000s}{section.12}% 53
\BOOKMARK [3][-]{subsubsection.12.6.1}{\376\377\000T\000h\000e\000\040\000c\000h\000a\000r\000a\000c\000t\000e\000r\000i\000s\000t\000i\000c\000\040\000e\000q\000u\000a\000t\000i\000o\000n\000\040\000a\000s\000\040\000a\000\040\000c\000o\000n\000d\000i\000t\000i\000o\000n\000\040\000i\000n\000\040\000q\0002}{subsection.12.6}% 54
\BOOKMARK [3][-]{subsubsection.12.6.2}{\376\377\000T\000w\000o\000\040\000t\000y\000p\000e\000s\000\040\000o\000f\000\040\000p\000o\000l\000e\000s\000\040\000i\000n\000\040\000F\000\050\000w\000\051}{subsection.12.6}% 55
\BOOKMARK [3][-]{subsubsection.12.6.3}{\376\377\000D\000o\000m\000i\000n\000a\000n\000c\000e\000\040\000c\000o\000n\000d\000i\000t\000i\000o\000n\000\040\000f\000o\000r\000\040\000t\000h\000e\000\040\000f\000u\000n\000d\000a\000m\000e\000n\000t\000a\000l\000\040\000p\000a\000i\000r}{subsection.12.6}% 56
\BOOKMARK [2][-]{subsection.12.7}{\376\377\000A\000l\000\040\000a\000n\000d\000\040\000D\000l\000\040\000f\000o\000r\000\040\000t\000h\000e\000\040\000O\000l\000d\000r\000o\000y\000d\000-\000B\000\040\000f\000l\000u\000i\000d}{section.12}% 57
\BOOKMARK [3][-]{subsubsection.12.7.1}{\376\377\000V\000i\000e\000t\000a\000\040\000e\000x\000t\000r\000a\000c\000t\000i\000o\000n\000:\000\040\000t\000h\000e\000\040\000t\000w\000o\000-\000n\000u\000m\000b\000e\000r\000\040\000p\000i\000c\000t\000u\000r\000e\000\040\000s\000u\000r\000v\000i\000v\000e\000s}{subsection.12.7}% 58
\BOOKMARK [3][-]{subsubsection.12.7.2}{\376\377\000W\000h\000e\000n\000\040\000t\000h\000e\000\040\000t\000w\000o\000-\000n\000u\000m\000b\000e\000r\000\040\000p\000i\000c\000t\000u\000r\000e\000\040\000b\000r\000e\000a\000k\000s}{subsection.12.7}% 59
\BOOKMARK [2][-]{subsection.12.8}{\376\377\000F\000o\000u\000r\000\040\000c\000l\000e\000a\000n\000\040\000l\000i\000m\000i\000t\000s}{section.12}% 60
\BOOKMARK [2][-]{subsection.12.9}{\376\377\000O\000p\000e\000n\000\040\000p\000r\000o\000b\000l\000e\000m\000s\000\040\000a\000n\000d\000\040\000r\000e\000f\000e\000r\000e\000n\000c\000e\000s}{section.12}% 61
